kotlin version: 2.1.21
error message: java.lang.OutOfMemoryError: GC overhead limit exceeded
	at org.jetbrains.kotlin.diagnostics.LightTreePositioningStrategyKt.markSingleElement(LightTreePositioningStrategy.kt:70)
	at org.jetbrains.kotlin.diagnostics.LightTreePositioningStrategyKt.markRange(LightTreePositioningStrategy.kt:55)
	at org.jetbrains.kotlin.diagnostics.LightTreePositioningStrategyKt.markElement(LightTreePositioningStrategy.kt:45)
	at org.jetbrains.kotlin.diagnostics.LightTreePositioningStrategyKt.markElement$default(LightTreePositioningStrategy.kt:39)
	at org.jetbrains.kotlin.diagnostics.LightTreePositioningStrategy.mark(LightTreePositioningStrategy.kt:30)
	at org.jetbrains.kotlin.diagnostics.LightTreePositioningStrategies$FindReferencePositioningStrategy.mark(LightTreePositioningStrategies.kt:863)
	at org.jetbrains.kotlin.diagnostics.LightTreePositioningStrategies$DEPRECATION$1.mark(LightTreePositioningStrategies.kt:1400)
	at org.jetbrains.kotlin.diagnostics.LightTreePositioningStrategy.markKtDiagnostic(LightTreePositioningStrategy.kt:21)
	at org.jetbrains.kotlin.diagnostics.SourceElementPositioningStrategy.markDiagnostic(SourceElementPositioningStrategy.kt:23)
	at org.jetbrains.kotlin.diagnostics.KtDiagnostic.getTextRanges(KtDiagnostic.kt:24)
	at org.jetbrains.kotlin.cli.common.fir.FirDiagnosticsCompilerResultsReporter$InFileDiagnosticsComparator.compare(FirDiagnosticsCompilerResultsReporter.kt:144)
	at org.jetbrains.kotlin.cli.common.fir.FirDiagnosticsCompilerResultsReporter$InFileDiagnosticsComparator.compare(FirDiagnosticsCompilerResultsReporter.kt:142)
	at java.base/java.util.TimSort.countRunAndMakeAscending(TimSort.java:360)
	at java.base/java.util.TimSort.sort(TimSort.java:234)
	at java.base/java.util.Arrays.sort(Arrays.java:1234)
	at kotlin.collections.ArraysKt___ArraysJvmKt.sortWith(_ArraysJvm.kt:2188)
	at kotlin.collections.CollectionsKt___CollectionsKt.sortedWith(_Collections.kt:1089)
	at org.jetbrains.kotlin.cli.common.fir.FirDiagnosticsCompilerResultsReporter.reportByFile(FirDiagnosticsCompilerResultsReporter.kt:74)
	at org.jetbrains.kotlin.cli.common.fir.FirDiagnosticsCompilerResultsReporter.reportToMessageCollector(FirDiagnosticsCompilerResultsReporter.kt:27)
	at org.jetbrains.kotlin.cli.pipeline.CheckCompilationErrors$CheckDiagnosticCollector.reportDiagnosticsToMessageCollector(PipelineActions.kt:39)
	at org.jetbrains.kotlin.cli.pipeline.AbstractCliPipeline.runPhasedPipeline(AbstractCliPipeline.kt:128)
	at org.jetbrains.kotlin.cli.pipeline.AbstractCliPipeline.execute(AbstractCliPipeline.kt:65)
	at org.jetbrains.kotlin.cli.jvm.K2JVMCompiler.doExecutePhased(K2JVMCompiler.kt:61)
	at org.jetbrains.kotlin.cli.jvm.K2JVMCompiler.doExecutePhased(K2JVMCompiler.kt:36)
	at org.jetbrains.kotlin.cli.common.CLICompiler.execImpl(CLICompiler.kt:80)
	at org.jetbrains.kotlin.cli.common.CLICompiler.exec(CLICompiler.kt:337)
	at org.jetbrains.kotlin.incremental.IncrementalJvmCompilerRunner.runCompiler(IncrementalJvmCompilerRunner.kt:466)
	at org.jetbrains.kotlin.incremental.IncrementalJvmCompilerRunner.runCompiler(IncrementalJvmCompilerRunner.kt:75)
	at org.jetbrains.kotlin.incremental.IncrementalCompilerRunner.doCompile(IncrementalCompilerRunner.kt:514)
	at org.jetbrains.kotlin.incremental.IncrementalCompilerRunner.compileImpl(IncrementalCompilerRunner.kt:431)
	at org.jetbrains.kotlin.incremental.IncrementalCompilerRunner.compileNonIncrementally(IncrementalCompilerRunner.kt:310)
	at org.jetbrains.kotlin.incremental.IncrementalCompilerRunner.compile(IncrementalCompilerRunner.kt:137)


