kotlin version: 2.2.20
error message: org.jetbrains.kotlin.backend.common.BackendException: Backend Internal error: Exception during IR lowering
File being compiled: /Users/daviann/coding/StarLoco-Game/src/org/starloco/locos/fight/spells/SpellEffect.kt
The root cause java.lang.ClassCastException was thrown at: org.jetbrains.kotlin.backend.jvm.lower.JvmOptimizationLowering$Transformer.rewritePrefixIncrDecr(JvmOptimizationLowering.kt:450)
	at org.jetbrains.kotlin.backend.common.BackendException$Companion.report(BackendException.kt:31)
	at org.jetbrains.kotlin.backend.common.BackendException$Companion.report$default(BackendException.kt:15)
	at org.jetbrains.kotlin.backend.common.phaser.PerformByIrFilePhase.invoke(PerformByIrFilePhase.kt:39)
	at org.jetbrains.kotlin.backend.common.phaser.PerformByIrFilePhase.invoke(PerformByIrFilePhase.kt:16)
	at org.jetbrains.kotlin.backend.common.phaser.PhaseEngine.runPhase(PhaseEngine.kt:64)
	at org.jetbrains.kotlin.backend.common.phaser.PhaseEngine.runPhase$default(PhaseEngine.kt:56)
	at org.jetbrains.kotlin.backend.jvm.JvmIrCodegenFactory.invokeLowerings(JvmIrCodegenFactory.kt:363)
	at org.jetbrains.kotlin.cli.jvm.compiler.KotlinToJVMBytecodeCompiler.runLowerings$cli(KotlinToJVMBytecodeCompiler.kt:408)
	at org.jetbrains.kotlin.cli.pipeline.jvm.JvmBackendPipelinePhase.executePhase(JvmBackendPipelinePhase.kt:79)
	at org.jetbrains.kotlin.cli.pipeline.jvm.JvmBackendPipelinePhase.executePhase(JvmBackendPipelinePhase.kt:27)
	at org.jetbrains.kotlin.cli.pipeline.PipelinePhase.phaseBody(PipelinePhase.kt:68)
	at org.jetbrains.kotlin.cli.pipeline.PipelinePhase.phaseBody(PipelinePhase.kt:58)
	at org.jetbrains.kotlin.config.phaser.NamedCompilerPhase.invoke(CompilerPhase.kt:102)
	at org.jetbrains.kotlin.backend.common.phaser.CompositePhase.invoke(PhaseBuilders.kt:22)
	at org.jetbrains.kotlin.config.phaser.CompilerPhaseKt.invokeToplevel(CompilerPhase.kt:53)
	at org.jetbrains.kotlin.cli.pipeline.AbstractCliPipeline.runPhasedPipeline(AbstractCliPipeline.kt:109)
	at org.jetbrains.kotlin.cli.pipeline.AbstractCliPipeline.execute(AbstractCliPipeline.kt:68)
	at org.jetbrains.kotlin.cli.jvm.K2JVMCompiler.doExecutePhased(K2JVMCompiler.kt:79)
	at org.jetbrains.kotlin.cli.jvm.K2JVMCompiler.doExecutePhased(K2JVMCompiler.kt:45)
	at org.jetbrains.kotlin.cli.common.CLICompiler.execImpl(CLICompiler.kt:90)
	at org.jetbrains.kotlin.cli.common.CLICompiler.exec(CLICompiler.kt:352)
	at org.jetbrains.kotlin.incremental.IncrementalJvmCompilerRunnerBase.runCompiler(IncrementalJvmCompilerRunnerBase.kt:176)
	at org.jetbrains.kotlin.incremental.IncrementalJvmCompilerRunnerBase.runCompiler(IncrementalJvmCompilerRunnerBase.kt:39)
	at org.jetbrains.kotlin.incremental.IncrementalCompilerRunner.doCompile(IncrementalCompilerRunner.kt:499)
	at org.jetbrains.kotlin.incremental.IncrementalCompilerRunner.compileImpl(IncrementalCompilerRunner.kt:416)
	at org.jetbrains.kotlin.incremental.IncrementalCompilerRunner.compileNonIncrementally(IncrementalCompilerRunner.kt:301)
	at org.jetbrains.kotlin.incremental.IncrementalCompilerRunner.compile(IncrementalCompilerRunner.kt:128)
	at org.jetbrains.kotlin.daemon.CompileServiceImplBase.execIncrementalCompiler(CompileServiceImpl.kt:684)
	at org.jetbrains.kotlin.daemon.CompileServiceImplBase.access$execIncrementalCompiler(CompileServiceImpl.kt:94)
	at org.jetbrains.kotlin.daemon.CompileServiceImpl.compile(CompileServiceImpl.kt:1810)
	at java.base/jdk.internal.reflect.DirectMethodHandleAccessor.invoke(DirectMethodHandleAccessor.java:103)
	at java.base/java.lang.reflect.Method.invoke(Method.java:580)
	at java.rmi/sun.rmi.server.UnicastServerRef.dispatch(UnicastServerRef.java:360)
	at java.rmi/sun.rmi.transport.Transport$1.run(Transport.java:200)
	at java.rmi/sun.rmi.transport.Transport$1.run(Transport.java:197)
	at java.base/java.security.AccessController.doPrivileged(AccessController.java:714)
	at java.rmi/sun.rmi.transport.Transport.serviceCall(Transport.java:196)
	at java.rmi/sun.rmi.transport.tcp.TCPTransport.handleMessages(TCPTransport.java:598)
	at java.rmi/sun.rmi.transport.tcp.TCPTransport$ConnectionHandler.run0(TCPTransport.java:844)
	at java.rmi/sun.rmi.transport.tcp.TCPTransport$ConnectionHandler.lambda$run$0(TCPTransport.java:721)
	at java.base/java.security.AccessController.doPrivileged(AccessController.java:400)
	at java.rmi/sun.rmi.transport.tcp.TCPTransport$ConnectionHandler.run(TCPTransport.java:720)
	at java.base/java.util.concurrent.ThreadPoolExecutor.runWorker(ThreadPoolExecutor.java:1144)
	at java.base/java.util.concurrent.ThreadPoolExecutor$Worker.run(ThreadPoolExecutor.java:642)
	at java.base/java.lang.Thread.run(Thread.java:1583)
Caused by: java.lang.ClassCastException: class org.jetbrains.kotlin.ir.expressions.impl.IrTypeOperatorCallImpl cannot be cast to class org.jetbrains.kotlin.ir.expressions.IrCall (org.jetbrains.kotlin.ir.expressions.impl.IrTypeOperatorCallImpl and org.jetbrains.kotlin.ir.expressions.IrCall are in unnamed module of loader 'app')
	at org.jetbrains.kotlin.backend.jvm.lower.JvmOptimizationLowering$Transformer.rewritePrefixIncrDecr(JvmOptimizationLowering.kt:450)
	at org.jetbrains.kotlin.backend.jvm.lower.JvmOptimizationLowering$Transformer.visitSetValue(JvmOptimizationLowering.kt:439)
	at org.jetbrains.kotlin.backend.jvm.lower.JvmOptimizationLowering$Transformer.visitSetValue(JvmOptimizationLowering.kt:63)
	at org.jetbrains.kotlin.ir.expressions.IrSetValue.accept(IrSetValue.kt:21)
	at org.jetbrains.kotlin.ir.expressions.IrExpression.transform(IrExpression.kt:23)
	at org.jetbrains.kotlin.ir.expressions.IrExpression.transform(IrExpression.kt:19)
	at org.jetbrains.kotlin.ir.util.TransformKt.transformInPlace(transform.kt:35)
	at org.jetbrains.kotlin.ir.expressions.IrContainerExpression.transformChildren(IrContainerExpression.kt:26)
	at org.jetbrains.kotlin.backend.jvm.lower.JvmOptimizationLowering$Transformer.visitContainerExpression(JvmOptimizationLowering.kt:313)
	at org.jetbrains.kotlin.backend.jvm.lower.JvmOptimizationLowering$Transformer.visitContainerExpression(JvmOptimizationLowering.kt:63)
	at org.jetbrains.kotlin.ir.visitors.IrTransformer.visitBlock(IrTransformer.kt:138)
	at org.jetbrains.kotlin.ir.visitors.IrTransformer.visitBlock(IrTransformer.kt:19)
	at org.jetbrains.kotlin.ir.expressions.IrBlock.accept(IrBlock.kt:18)
	at org.jetbrains.kotlin.ir.expressions.IrExpression.transform(IrExpression.kt:23)
	at org.jetbrains.kotlin.ir.expressions.IrExpression.transform(IrExpression.kt:19)
	at org.jetbrains.kotlin.ir.util.TransformKt.transformInPlace(transform.kt:35)
	at org.jetbrains.kotlin.ir.expressions.IrContainerExpression.transformChildren(IrContainerExpression.kt:26)
	at org.jetbrains.kotlin.backend.jvm.lower.JvmOptimizationLowering$Transformer.visitContainerExpression(JvmOptimizationLowering.kt:313)
	at org.jetbrains.kotlin.backend.jvm.lower.JvmOptimizationLowering$Transformer.visitContainerExpression(JvmOptimizationLowering.kt:63)
	at org.jetbrains.kotlin.ir.visitors.IrTransformer.visitBlock(IrTransformer.kt:138)
	at org.jetbrains.kotlin.ir.visitors.IrTransformer.visitBlock(IrTransformer.kt:19)
	at org.jetbrains.kotlin.ir.expressions.IrBlock.accept(IrBlock.kt:18)
	at org.jetbrains.kotlin.ir.expressions.IrExpression.transform(IrExpression.kt:23)
	at org.jetbrains.kotlin.ir.expressions.IrWhileLoop.transformChildren(IrWhileLoop.kt:28)
	at org.jetbrains.kotlin.ir.visitors.IrTransformer.visitExpression(IrTransformer.kt:95)
	at org.jetbrains.kotlin.ir.visitors.IrTransformer.visitLoop(IrTransformer.kt:245)
	at org.jetbrains.kotlin.ir.visitors.IrTransformer.visitWhileLoop(IrTransformer.kt:248)
	at org.jetbrains.kotlin.ir.visitors.IrTransformer.visitWhileLoop(IrTransformer.kt:19)
	at org.jetbrains.kotlin.ir.expressions.IrWhileLoop.accept(IrWhileLoop.kt:19)
	at org.jetbrains.kotlin.ir.expressions.IrExpression.transform(IrExpression.kt:23)
	at org.jetbrains.kotlin.ir.expressions.IrExpression.transform(IrExpression.kt:19)
	at org.jetbrains.kotlin.ir.util.TransformKt.transformInPlace(transform.kt:35)
	at org.jetbrains.kotlin.ir.expressions.IrContainerExpression.transformChildren(IrContainerExpression.kt:26)
	at org.jetbrains.kotlin.backend.jvm.lower.JvmOptimizationLowering$Transformer.visitContainerExpression(JvmOptimizationLowering.kt:313)
	at org.jetbrains.kotlin.backend.jvm.lower.JvmOptimizationLowering$Transformer.visitContainerExpression(JvmOptimizationLowering.kt:63)
	at org.jetbrains.kotlin.ir.visitors.IrTransformer.visitBlock(IrTransformer.kt:138)
	at org.jetbrains.kotlin.ir.visitors.IrTransformer.visitBlock(IrTransformer.kt:19)
	at org.jetbrains.kotlin.ir.expressions.IrBlock.accept(IrBlock.kt:18)
	at org.jetbrains.kotlin.ir.expressions.IrExpression.transform(IrExpression.kt:23)
	at org.jetbrains.kotlin.ir.expressions.IrBranch.transformChildren(IrBranch.kt:37)
	at org.jetbrains.kotlin.ir.visitors.IrTransformer.visitBranch(IrTransformer.kt:300)
	at org.jetbrains.kotlin.ir.visitors.IrTransformer.visitBranch(IrTransformer.kt:19)
	at org.jetbrains.kotlin.ir.expressions.IrBranch.accept(IrBranch.kt:25)
	at org.jetbrains.kotlin.ir.expressions.IrBranch.transform(IrBranch.kt:28)
	at org.jetbrains.kotlin.ir.expressions.IrBranch.transform(IrBranch.kt:19)
	at org.jetbrains.kotlin.ir.util.TransformKt.transformInPlace(transform.kt:35)
	at org.jetbrains.kotlin.ir.expressions.IrWhen.transformChildren(IrWhen.kt:31)
	at org.jetbrains.kotlin.backend.jvm.lower.JvmOptimizationLowering$Transformer.visitWhen(JvmOptimizationLowering.kt:128)
	at org.jetbrains.kotlin.backend.jvm.lower.JvmOptimizationLowering$Transformer.visitWhen(JvmOptimizationLowering.kt:63)
	at org.jetbrains.kotlin.ir.expressions.IrWhen.accept(IrWhen.kt:24)
	at org.jetbrains.kotlin.ir.expressions.IrExpression.transform(IrExpression.kt:23)
	at org.jetbrains.kotlin.ir.expressions.IrExpression.transform(IrExpression.kt:19)
	at org.jetbrains.kotlin.ir.util.TransformKt.transformInPlace(transform.kt:35)
	at org.jetbrains.kotlin.ir.expressions.IrBlockBody.transformChildren(IrBlockBody.kt:27)
	at org.jetbrains.kotlin.backend.jvm.lower.JvmOptimizationLowering$Transformer.visitBlockBody(JvmOptimizationLowering.kt:290)
	at org.jetbrains.kotlin.backend.jvm.lower.JvmOptimizationLowering$Transformer.visitBlockBody(JvmOptimizationLowering.kt:63)
	at org.jetbrains.kotlin.ir.expressions.IrBlockBody.accept(IrBlockBody.kt:20)
	at org.jetbrains.kotlin.ir.expressions.IrBody.transform(IrBody.kt:20)
	at org.jetbrains.kotlin.ir.declarations.IrFunction.transformChildren(IrFunction.kt:293)
	at org.jetbrains.kotlin.ir.visitors.IrTransformer.visitDeclaration(IrTransformer.kt:27)
	at org.jetbrains.kotlin.backend.jvm.lower.JvmOptimizationLowering$Transformer.visitDeclaration(JvmOptimizationLowering.kt:71)
	at org.jetbrains.kotlin.backend.jvm.lower.JvmOptimizationLowering$Transformer.visitDeclaration(JvmOptimizationLowering.kt:63)
	at org.jetbrains.kotlin.ir.visitors.IrTransformer.visitFunction(IrTransformer.kt:44)
	at org.jetbrains.kotlin.ir.visitors.IrTransformer.visitSimpleFunction(IrTransformer.kt:73)
	at org.jetbrains.kotlin.ir.visitors.IrTransformer.visitSimpleFunction(IrTransformer.kt:19)
	at org.jetbrains.kotlin.ir.declarations.IrSimpleFunction.accept(IrSimpleFunction.kt:39)
	at org.jetbrains.kotlin.ir.IrElementBase.transform(IrElementBase.kt:33)
	at org.jetbrains.kotlin.ir.util.TransformKt.transformInPlace(transform.kt:35)
	at org.jetbrains.kotlin.ir.declarations.IrClass.transformChildren(IrClass.kt:82)
	at org.jetbrains.kotlin.ir.visitors.IrTransformer.visitDeclaration(IrTransformer.kt:27)
	at org.jetbrains.kotlin.backend.jvm.lower.JvmOptimizationLowering$Transformer.visitDeclaration(JvmOptimizationLowering.kt:71)
	at org.jetbrains.kotlin.backend.jvm.lower.JvmOptimizationLowering$Transformer.visitDeclaration(JvmOptimizationLowering.kt:63)
	at org.jetbrains.kotlin.ir.visitors.IrTransformer.visitClass(IrTransformer.kt:35)
	at org.jetbrains.kotlin.ir.visitors.IrTransformer.visitClass(IrTransformer.kt:19)
	at org.jetbrains.kotlin.ir.declarations.IrClass.accept(IrClass.kt:72)
	at org.jetbrains.kotlin.ir.IrElementBase.transform(IrElementBase.kt:33)
	at org.jetbrains.kotlin.ir.util.TransformKt.transformInPlace(transform.kt:35)
	at org.jetbrains.kotlin.ir.declarations.IrPackageFragment.transformChildren(IrPackageFragment.kt:31)
	at org.jetbrains.kotlin.backend.jvm.lower.JvmOptimizationLowering.lower(JvmOptimizationLowering.kt:60)
	at org.jetbrains.kotlin.backend.common.phaser.PhaseFactoriesKt.createFilePhase$lambda$1(PhaseFactories.kt:88)
	at org.jetbrains.kotlin.backend.common.phaser.PhaseBuildersKt$createSimpleNamedCompilerPhase$1.phaseBody(PhaseBuilders.kt:58)
	at org.jetbrains.kotlin.config.phaser.NamedCompilerPhase.invoke(CompilerPhase.kt:102)
	at org.jetbrains.kotlin.backend.common.phaser.PerformByIrFilePhase.invoke(PerformByIrFilePhase.kt:36)
	... 42 more


